../Drivers/CMSIS/Include/core_cm4.h:1933:34:__NVIC_SystemReset	4	static,ignoring_inline_asm
../Core/Src/WorkMode.c:135:6:Working_Mode_Init	32	static
../Core/Src/WorkMode.c:163:6:Working_Mode_Start	40	static
../Core/Src/WorkMode.c:243:6:Input_Update	24	static
../Core/Src/WorkMode.c:310:6:Virtual_Input_buffer_update	32	static
../Core/Src/WorkMode.c:368:6:Read_Command	24	static
../Core/Src/WorkMode.c:381:6:Execute_Command	32	static,ignoring_inline_asm
../Core/Src/WorkMode.c:425:10:TimeElapsed	16	static
../Core/Src/WorkMode.c:430:10:Map_Time_to_MS	16	static
../Core/Src/WorkMode.c:440:6:Execute_Function	32	static
../Core/Src/WorkMode.c:502:6:Execute_NOP	4	static,ignoring_inline_asm
../Core/Src/WorkMode.c:512:6:Execute_ON	24	static
../Core/Src/WorkMode.c:526:6:Execute_OFF	24	static
../Core/Src/WorkMode.c:537:6:Execute_DelayOn	40	static
../Core/Src/WorkMode.c:572:6:Execute_DelayOff	40	static
../Core/Src/WorkMode.c:608:6:Execute_HOLD	24	static
../Core/Src/WorkMode.c:633:6:Execute_ToggleOnEdge	24	static,ignoring_inline_asm
../Core/Src/WorkMode.c:663:6:Execute_Puls	24	static
../Core/Src/WorkMode.c:707:6:Execute_PWMLevel	32	static
../Core/Src/WorkMode.c:730:6:Execute_AnalogTreshold	40	static
../Core/Src/WorkMode.c:749:6:Execute_AnalogToPWM	32	static
../Core/Src/WorkMode.c:764:6:Flash_Address_Init	32	static
../Core/Src/WorkMode.c:770:6:Copy_Data_From_Flash	24	static
../Core/Src/WorkMode.c:789:6:Copy_Data_From_BasicConfig	176	static
../Core/Src/WorkMode.c:817:6:Set_Config_Data_In_RAM	16	static
